This is a test log entry.
This is a test log entry.
This is a test log entry.
This is a test log entry.
This is a test log entry.
This is a test log entry.
This is a test log entry.
This is a test log entry.
This is a test log entry.
This is a test log entry.
This is a test log entry.
This is a test log entry.
This is a test log entry.
This is a test log entry.
This is a test log entry.
This is a test log entry.
This is a test log entry.
This is a test log entry.
This is a test log entry.
This is a test log entry.
This is a test log entry.
This is a test log entry.
This is a test log entry.
